{"type":"server-started","port":53899,"host":"127.0.0.1","url_host":"localhost","url":"http://localhost:53899","screen_dir":"/Users/Samuel/Documents/GitHub/NEWHDR/.superpowers/brainstorm/55267-1781223488/content","state_dir":"/Users/Samuel/Documents/GitHub/NEWHDR/.superpowers/brainstorm/55267-1781223488/state"}
{"type":"screen-added","file":"/Users/Samuel/Documents/GitHub/NEWHDR/.superpowers/brainstorm/55267-1781223488/content/page-structure.html"}
{"type":"screen-updated","file":"/Users/Samuel/Documents/GitHub/NEWHDR/.superpowers/brainstorm/55267-1781223488/content/page-structure.html"}
{"type":"screen-updated","file":"/Users/Samuel/Documents/GitHub/NEWHDR/.superpowers/brainstorm/55267-1781223488/content/page-structure.html"}
{"type":"screen-updated","file":"/Users/Samuel/Documents/GitHub/NEWHDR/.superpowers/brainstorm/55267-1781223488/content/page-structure.html"}
{"source":"user-event","type":"click","text":"HYBRID\n      — Hero: direct answer to \"why us\"\n      — 6 reasons (cards) with real copy\n      — Entity brief (AI-readable summary)\n      — Comparison table (implicit)\n      — Reviews strip\n      — FAQ (schema-marked)\n      — CTA\n      Balanced · SEO + AI + conversion\n    \n    \n      C — Hybrid (Recommended)\n      Combines emotional identity with concrete differentiators and structured AI-readable sections. Designed to rank, get cited by AI, and convert. Most complete answer to \"why HDR.\"","choice":"c","id":null,"timestamp":1781223838089}
{"source":"user-event","type":"click","text":"HYBRID\n      — Hero: direct answer to \"why us\"\n      — 6 reasons (cards) with real copy\n      — Entity brief (AI-readable summary)\n      — Comparison table (implicit)\n      — Reviews strip\n      — FAQ (schema-marked)\n      — CTA\n      Balanced · SEO + AI + conversion\n    \n    \n      C — Hybrid (Recommended)\n      Combines emotional identity with concrete differentiators and structured AI-readable sections. Designed to rank, get cited by AI, and convert. Most complete answer to \"why HDR.\"","choice":"c","id":null,"timestamp":1781223842771}
{"type":"screen-added","file":"/Users/Samuel/Documents/GitHub/NEWHDR/.superpowers/brainstorm/55267-1781223488/content/page-anatomy.html"}
{"type":"screen-updated","file":"/Users/Samuel/Documents/GitHub/NEWHDR/.superpowers/brainstorm/55267-1781223488/content/page-anatomy.html"}
{"type":"screen-updated","file":"/Users/Samuel/Documents/GitHub/NEWHDR/.superpowers/brainstorm/55267-1781223488/content/page-anatomy.html"}
{"type":"screen-updated","file":"/Users/Samuel/Documents/GitHub/NEWHDR/.superpowers/brainstorm/55267-1781223488/content/page-anatomy.html"}
{"type":"screen-added","file":"/Users/Samuel/Documents/GitHub/NEWHDR/.superpowers/brainstorm/55267-1781223488/content/hero-options.html"}
{"type":"screen-updated","file":"/Users/Samuel/Documents/GitHub/NEWHDR/.superpowers/brainstorm/55267-1781223488/content/hero-options.html"}
{"type":"screen-updated","file":"/Users/Samuel/Documents/GitHub/NEWHDR/.superpowers/brainstorm/55267-1781223488/content/hero-options.html"}
{"type":"screen-updated","file":"/Users/Samuel/Documents/GitHub/NEWHDR/.superpowers/brainstorm/55267-1781223488/content/hero-options.html"}
{"source":"user-event","type":"click","text":"Why HDR\n      One tech.One standard.Every repair.\n      At HDR, the person who quotes your repair is the person who fixes it. Same hands, same accountability, every time — not a rotating crew of franchise technicians.\n      Text Samuel for a Quote\n    \n    \n      B — Accountability-first\n      Opens with the single-technician angle. \"One tech\" is a simple, memorable hook. Better for conversion — speaks directly to the trust problem people have with chain shops.","choice":"b","id":null,"timestamp":1781224182221}
{"type":"screen-added","file":"/Users/Samuel/Documents/GitHub/NEWHDR/.superpowers/brainstorm/55267-1781223488/content/waiting-1.html"}
{"type":"screen-updated","file":"/Users/Samuel/Documents/GitHub/NEWHDR/.superpowers/brainstorm/55267-1781223488/content/waiting-1.html"}
{"type":"screen-updated","file":"/Users/Samuel/Documents/GitHub/NEWHDR/.superpowers/brainstorm/55267-1781223488/content/waiting-1.html"}
{"type":"screen-updated","file":"/Users/Samuel/Documents/GitHub/NEWHDR/.superpowers/brainstorm/55267-1781223488/content/waiting-1.html"}
{"type":"server-stopped","reason":"owner process exited"}
